EI_CLASS	32
EI_DATA		Little-Endian
E_MACHINE	EM_MIPS
DT_RPATH	$ORIGIN/../lib
DT_NEEDED	libc.so
SYMBOL		__bss_end__
SYMBOL		__bss_start
SYMBOL		__end__
SYMBOL		_bss_end__
SYMBOL		_edata
SYMBOL		_end
SYMBOL		_fbss
SYMBOL		_fdata
SYMBOL		_ftext
SYMBOL		_gp_disp
SYMBOL		test
