EI_CLASS	32
EI_DATA		Little-Endian
E_MACHINE	EM_MIPS
DT_NEEDED	libdl.so
DT_NEEDED	libc.so
DT_NEEDED	libstdc++.so
SYMBOL		_DYNAMIC_LINKING
SYMBOL		__CTOR_LIST__
SYMBOL		__DTOR_LIST__
SYMBOL		__FINI_ARRAY__
SYMBOL		__INIT_ARRAY__
SYMBOL		__PREINIT_ARRAY__
SYMBOL		__RLD_MAP
SYMBOL		__bss_end__
SYMBOL		__bss_start
SYMBOL		__end__
SYMBOL		_bss_end__
SYMBOL		_edata
SYMBOL		_end
SYMBOL		_fbss
SYMBOL		_fdata
SYMBOL		_ftext
SYMBOL		main
