EI_CLASS	32
EI_DATA		Little-Endian
E_MACHINE	EM_386
DT_RUNPATH	$ORIGIN/../lib
DT_NEEDED	libc.so
SYMBOL		__bss_start
SYMBOL		_edata
SYMBOL		_end
SYMBOL		test
