EI_CLASS	32
EI_DATA		Little-Endian
E_MACHINE	EM_ARM
DT_NEEDED	libc.so
SYMBOL		__bss_start
SYMBOL		_edata
SYMBOL		_end
SYMBOL		test
