EI_CLASS	32
EI_DATA		Little-Endian
E_MACHINE	EM_ARM
DT_NEEDED	libdl.so
DT_NEEDED	libc.so
DT_NEEDED	libstdc++.so
SYMBOL		__bss_start
SYMBOL		_edata
SYMBOL		_end
