EI_CLASS	64
EI_DATA		Little-Endian
E_MACHINE	EM_AARCH64
DT_RPATH	$ORIGIN/../lib
DT_NEEDED	libc.so
SYMBOL		__bss_end__
SYMBOL		__bss_start
SYMBOL		__bss_start__
SYMBOL		__end__
SYMBOL		_bss_end__
SYMBOL		_edata
SYMBOL		_end
SYMBOL		test
