EI_CLASS	64
EI_DATA		Little-Endian
E_MACHINE	EM_X86_64
FILE_SIZE	6888
RO_SEG_FILE_SIZE	7664
RO_SEG_MEM_SIZE	7664
RW_SEG_FILE_SIZE	0
RW_SEG_MEM_SIZE	0
DT_RPATH	/system/lib
DT_RPATH	/vendor/lib
DT_NEEDED	libc.so
EXP_SYMBOL	__bss_start
EXP_SYMBOL	_edata
EXP_SYMBOL	_end
EXP_SYMBOL	test
IMP_SYMBOL	__cxa_atexit
IMP_SYMBOL	__cxa_finalize
IMP_SYMBOL	puts
